Archive member included to satisfy reference by file (symbol)

/opt/st/stm32cubeide_1.3.0/plugins/com.st.stm32cube.ide.mcu.externaltools.gnu-tools-for-stm32.7-2018-q2-update.linux64_1.0.0.201904181610/tools/bin/../lib/gcc/arm-none-eabi/7.3.1/../../../../arm-none-eabi/lib/thumb/v6-m/libc_nano.a(lib_a-errno.o)
                              Core/Src/syscalls.o (__errno)
/opt/st/stm32cubeide_1.3.0/plugins/com.st.stm32cube.ide.mcu.externaltools.gnu-tools-for-stm32.7-2018-q2-update.linux64_1.0.0.201904181610/tools/bin/../lib/gcc/arm-none-eabi/7.3.1/../../../../arm-none-eabi/lib/thumb/v6-m/libc_nano.a(lib_a-exit.o)
                              /opt/st/stm32cubeide_1.3.0/plugins/com.st.stm32cube.ide.mcu.externaltools.gnu-tools-for-stm32.7-2018-q2-update.linux64_1.0.0.201904181610/tools/bin/../lib/gcc/arm-none-eabi/7.3.1/../../../../arm-none-eabi/lib/thumb/v6-m/crt0.o (exit)
/opt/st/stm32cubeide_1.3.0/plugins/com.st.stm32cube.ide.mcu.externaltools.gnu-tools-for-stm32.7-2018-q2-update.linux64_1.0.0.201904181610/tools/bin/../lib/gcc/arm-none-eabi/7.3.1/../../../../arm-none-eabi/lib/thumb/v6-m/libc_nano.a(lib_a-impure.o)
                              /opt/st/stm32cubeide_1.3.0/plugins/com.st.stm32cube.ide.mcu.externaltools.gnu-tools-for-stm32.7-2018-q2-update.linux64_1.0.0.201904181610/tools/bin/../lib/gcc/arm-none-eabi/7.3.1/../../../../arm-none-eabi/lib/thumb/v6-m/libc_nano.a(lib_a-exit.o) (_global_impure_ptr)
/opt/st/stm32cubeide_1.3.0/plugins/com.st.stm32cube.ide.mcu.externaltools.gnu-tools-for-stm32.7-2018-q2-update.linux64_1.0.0.201904181610/tools/bin/../lib/gcc/arm-none-eabi/7.3.1/../../../../arm-none-eabi/lib/thumb/v6-m/libc_nano.a(lib_a-init.o)
                              /opt/st/stm32cubeide_1.3.0/plugins/com.st.stm32cube.ide.mcu.externaltools.gnu-tools-for-stm32.7-2018-q2-update.linux64_1.0.0.201904181610/tools/bin/../lib/gcc/arm-none-eabi/7.3.1/../../../../arm-none-eabi/lib/thumb/v6-m/crt0.o (__libc_init_array)
/opt/st/stm32cubeide_1.3.0/plugins/com.st.stm32cube.ide.mcu.externaltools.gnu-tools-for-stm32.7-2018-q2-update.linux64_1.0.0.201904181610/tools/bin/../lib/gcc/arm-none-eabi/7.3.1/../../../../arm-none-eabi/lib/thumb/v6-m/libc_nano.a(lib_a-memset.o)
                              /opt/st/stm32cubeide_1.3.0/plugins/com.st.stm32cube.ide.mcu.externaltools.gnu-tools-for-stm32.7-2018-q2-update.linux64_1.0.0.201904181610/tools/bin/../lib/gcc/arm-none-eabi/7.3.1/../../../../arm-none-eabi/lib/thumb/v6-m/crt0.o (memset)
/opt/st/stm32cubeide_1.3.0/plugins/com.st.stm32cube.ide.mcu.externaltools.gnu-tools-for-stm32.7-2018-q2-update.linux64_1.0.0.201904181610/tools/bin/../lib/gcc/arm-none-eabi/7.3.1/thumb/v6-m/libgcc.a(_udivsi3.o)
                              Core/Src/BQ769x0.o (__aeabi_uidiv)
/opt/st/stm32cubeide_1.3.0/plugins/com.st.stm32cube.ide.mcu.externaltools.gnu-tools-for-stm32.7-2018-q2-update.linux64_1.0.0.201904181610/tools/bin/../lib/gcc/arm-none-eabi/7.3.1/thumb/v6-m/libgcc.a(_divsi3.o)
                              Core/Src/BQ769x0.o (__aeabi_idiv)
/opt/st/stm32cubeide_1.3.0/plugins/com.st.stm32cube.ide.mcu.externaltools.gnu-tools-for-stm32.7-2018-q2-update.linux64_1.0.0.201904181610/tools/bin/../lib/gcc/arm-none-eabi/7.3.1/thumb/v6-m/libgcc.a(_dvmd_tls.o)
                              /opt/st/stm32cubeide_1.3.0/plugins/com.st.stm32cube.ide.mcu.externaltools.gnu-tools-for-stm32.7-2018-q2-update.linux64_1.0.0.201904181610/tools/bin/../lib/gcc/arm-none-eabi/7.3.1/thumb/v6-m/libgcc.a(_udivsi3.o) (__aeabi_idiv0)
/opt/st/stm32cubeide_1.3.0/plugins/com.st.stm32cube.ide.mcu.externaltools.gnu-tools-for-stm32.7-2018-q2-update.linux64_1.0.0.201904181610/tools/bin/../lib/gcc/arm-none-eabi/7.3.1/thumb/v6-m/libgcc.a(_aeabi_ldivmod.o)
                              Core/Src/BQ769x0.o (__aeabi_ldivmod)
/opt/st/stm32cubeide_1.3.0/plugins/com.st.stm32cube.ide.mcu.externaltools.gnu-tools-for-stm32.7-2018-q2-update.linux64_1.0.0.201904181610/tools/bin/../lib/gcc/arm-none-eabi/7.3.1/thumb/v6-m/libgcc.a(_muldi3.o)
                              Core/Src/BQ769x0.o (__aeabi_lmul)
/opt/st/stm32cubeide_1.3.0/plugins/com.st.stm32cube.ide.mcu.externaltools.gnu-tools-for-stm32.7-2018-q2-update.linux64_1.0.0.201904181610/tools/bin/../lib/gcc/arm-none-eabi/7.3.1/thumb/v6-m/libgcc.a(bpabi.o)
                              /opt/st/stm32cubeide_1.3.0/plugins/com.st.stm32cube.ide.mcu.externaltools.gnu-tools-for-stm32.7-2018-q2-update.linux64_1.0.0.201904181610/tools/bin/../lib/gcc/arm-none-eabi/7.3.1/thumb/v6-m/libgcc.a(_aeabi_ldivmod.o) (__gnu_ldivmod_helper)
/opt/st/stm32cubeide_1.3.0/plugins/com.st.stm32cube.ide.mcu.externaltools.gnu-tools-for-stm32.7-2018-q2-update.linux64_1.0.0.201904181610/tools/bin/../lib/gcc/arm-none-eabi/7.3.1/thumb/v6-m/libgcc.a(_divdi3.o)
                              /opt/st/stm32cubeide_1.3.0/plugins/com.st.stm32cube.ide.mcu.externaltools.gnu-tools-for-stm32.7-2018-q2-update.linux64_1.0.0.201904181610/tools/bin/../lib/gcc/arm-none-eabi/7.3.1/thumb/v6-m/libgcc.a(bpabi.o) (__divdi3)
[...]
Memory Configuration

Name             Origin             Length             Attributes
RAM              0x0000000020000000 0x0000000000002000 xrw
FLASH            0x0000000008000000 0x0000000000004000 xr
*default*        0x0000000000000000 0xffffffffffffffff

Linker script and memory map

LOAD /opt/st/stm32cubeide_1.3.0/plugins/com.st.stm32cube.ide.mcu.externaltools.gnu-tools-for-stm32.7-2018-q2-update.linux64_1.0.0.201904181610/tools/bin/../lib/gcc/arm-none-eabi/7.3.1/thumb/v6-m/crti.o
LOAD /opt/st/stm32cubeide_1.3.0/plugins/com.st.stm32cube.ide.mcu.externaltools.gnu-tools-for-stm32.7-2018-q2-update.linux64_1.0.0.201904181610/tools/bin/../lib/gcc/arm-none-eabi/7.3.1/thumb/v6-m/crtbegin.o
LOAD /opt/st/stm32cubeide_1.3.0/plugins/com.st.stm32cube.ide.mcu.externaltools.gnu-tools-for-stm32.7-2018-q2-update.linux64_1.0.0.201904181610/tools/bin/../lib/gcc/arm-none-eabi/7.3.1/../../../../arm-none-eabi/lib/thumb/v6-m/crt0.o
LOAD Core/Src/BQ769x0.o
LOAD Core/Src/comm.o
LOAD Core/Src/main.o
LOAD Core/Src/stm32l0xx_it.o
LOAD Core/Src/syscalls.o
LOAD Core/Src/sysmem.o
LOAD Core/Src/system_stm32l0xx.o
LOAD Core/Src/xprintf.o
LOAD Core/Startup/startup_stm32l031f4px.o
LOAD Drivers/STM32L0xx_HAL_Driver/Src/stm32l0xx_ll_dma.o
LOAD Drivers/STM32L0xx_HAL_Driver/Src/stm32l0xx_ll_exti.o
LOAD Drivers/STM32L0xx_HAL_Driver/Src/stm32l0xx_ll_gpio.o
LOAD Drivers/STM32L0xx_HAL_Driver/Src/stm32l0xx_ll_i2c.o
LOAD Drivers/STM32L0xx_HAL_Driver/Src/stm32l0xx_ll_pwr.o
LOAD Drivers/STM32L0xx_HAL_Driver/Src/stm32l0xx_ll_rcc.o
LOAD Drivers/STM32L0xx_HAL_Driver/Src/stm32l0xx_ll_usart.o
LOAD Drivers/STM32L0xx_HAL_Driver/Src/stm32l0xx_ll_utils.o
START GROUP
LOAD /opt/st/stm32cubeide_1.3.0/plugins/com.st.stm32cube.ide.mcu.externaltools.gnu-tools-for-stm32.7-2018-q2-update.linux64_1.0.0.201904181610/tools/bin/../lib/gcc/arm-none-eabi/7.3.1/../../../../arm-none-eabi/lib/thumb/v6-m/libc_nano.a
LOAD /opt/st/stm32cubeide_1.3.0/plugins/com.st.stm32cube.ide.mcu.externaltools.gnu-tools-for-stm32.7-2018-q2-update.linux64_1.0.0.201904181610/tools/bin/../lib/gcc/arm-none-eabi/7.3.1/../../../../arm-none-eabi/lib/thumb/v6-m/libm.a
END GROUP
START GROUP
LOAD /opt/st/stm32cubeide_1.3.0/plugins/com.st.stm32cube.ide.mcu.externaltools.gnu-tools-for-stm32.7-2018-q2-update.linux64_1.0.0.201904181610/tools/bin/../lib/gcc/arm-none-eabi/7.3.1/thumb/v6-m/libgcc.a
LOAD /opt/st/stm32cubeide_1.3.0/plugins/com.st.stm32cube.ide.mcu.externaltools.gnu-tools-for-stm32.7-2018-q2-update.linux64_1.0.0.201904181610/tools/bin/../lib/gcc/arm-none-eabi/7.3.1/../../../../arm-none-eabi/lib/thumb/v6-m/libc_nano.a
END GROUP
START GROUP
LOAD /opt/st/stm32cubeide_1.3.0/plugins/com.st.stm32cube.ide.mcu.externaltools.gnu-tools-for-stm32.7-2018-q2-update.linux64_1.0.0.201904181610/tools/bin/../lib/gcc/arm-none-eabi/7.3.1/thumb/v6-m/libgcc.a
LOAD /opt/st/stm32cubeide_1.3.0/plugins/com.st.stm32cube.ide.mcu.externaltools.gnu-tools-for-stm32.7-2018-q2-update.linux64_1.0.0.201904181610/tools/bin/../lib/gcc/arm-none-eabi/7.3.1/../../../../arm-none-eabi/lib/thumb/v6-m/libc_nano.a
LOAD /opt/st/stm32cubeide_1.3.0/plugins/com.st.stm32cube.ide.mcu.externaltools.gnu-tools-for-stm32.7-2018-q2-update.linux64_1.0.0.201904181610/tools/bin/../lib/gcc/arm-none-eabi/7.3.1/../../../../arm-none-eabi/lib/thumb/v6-m/libnosys.a
END GROUP
START GROUP
LOAD /opt/st/stm32cubeide_1.3.0/plugins/com.st.stm32cube.ide.mcu.externaltools.gnu-tools-for-stm32.7-2018-q2-update.linux64_1.0.0.201904181610/tools/bin/../lib/gcc/arm-none-eabi/7.3.1/thumb/v6-m/libgcc.a
LOAD /opt/st/stm32cubeide_1.3.0/plugins/com.st.stm32cube.ide.mcu.externaltools.gnu-tools-for-stm32.7-2018-q2-update.linux64_1.0.0.201904181610/tools/bin/../lib/gcc/arm-none-eabi/7.3.1/../../../../arm-none-eabi/lib/thumb/v6-m/libc_nano.a
LOAD /opt/st/stm32cubeide_1.3.0/plugins/com.st.stm32cube.ide.mcu.externaltools.gnu-tools-for-stm32.7-2018-q2-update.linux64_1.0.0.201904181610/tools/bin/../lib/gcc/arm-none-eabi/7.3.1/../../../../arm-none-eabi/lib/thumb/v6-m/libnosys.a
END GROUP
LOAD /opt/st/stm32cubeide_1.3.0/plugins/com.st.stm32cube.ide.mcu.externaltools.gnu-tools-for-stm32.7-2018-q2-update.linux64_1.0.0.201904181610/tools/bin/../lib/gcc/arm-none-eabi/7.3.1/thumb/v6-m/crtend.o
LOAD /opt/st/stm32cubeide_1.3.0/plugins/com.st.stm32cube.ide.mcu.externaltools.gnu-tools-for-stm32.7-2018-q2-update.linux64_1.0.0.201904181610/tools/bin/../lib/gcc/arm-none-eabi/7.3.1/thumb/v6-m/crtn.o
                0x0000000020002000                _estack = (ORIGIN (RAM) + LENGTH (RAM))
                0x0000000000000200                _Min_Heap_Size = 0x200
                0x0000000000000400                _Min_Stack_Size = 0x400

.isr_vector     0x0000000008000000       0xc0
                0x0000000008000000                . = ALIGN (0x4)
 *(.isr_vector)
 .isr_vector    0x0000000008000000       0xc0 Core/Startup/startup_stm32l031f4px.o
                0x0000000008000000                g_pfnVectors
                0x00000000080000c0                . = ALIGN (0x4)

.text           0x00000000080000c0     0x3484
                0x00000000080000c0                . = ALIGN (0x4)
 *(.text)
 .text          0x00000000080000c0       0x48 /opt/st/stm32cubeide_1.3.0/plugins/com.st.stm32cube.ide.mcu.externaltools.gnu-tools-for-stm32.7-2018-q2-update.linux64_1.0.0.201904181610/tools/bin/../lib/gcc/arm-none-eabi/7.3.1/thumb/v6-m/crtbegin.o
 .text          0x0000000008000108      0x114 /opt/st/stm32cubeide_1.3.0/plugins/com.st.stm32cube.ide.mcu.externaltools.gnu-tools-for-stm32.7-2018-q2-update.linux64_1.0.0.201904181610/tools/bin/../lib/gcc/arm-none-eabi/7.3.1/thumb/v6-m/libgcc.a(_udivsi3.o)
                0x0000000008000108                __udivsi3
                0x0000000008000108                __aeabi_uidiv
                0x0000000008000214                __aeabi_uidivmod
 .text          0x000000000800021c      0x1d4 /opt/st/stm32cubeide_1.3.0/plugins/com.st.stm32cube.ide.mcu.externaltools.gnu-tools-for-stm32.7-2018-q2-update.linux64_1.0.0.201904181610/tools/bin/../lib/gcc/arm-none-eabi/7.3.1/thumb/v6-m/libgcc.a(_divsi3.o)
                0x000000000800021c                __aeabi_idiv
                0x000000000800021c                __divsi3
                0x00000000080003e8                __aeabi_idivmod
 .text          0x00000000080003f0        0x4 /opt/st/stm32cubeide_1.3.0/plugins/com.st.stm32cube.ide.mcu.externaltools.gnu-tools-for-stm32.7-2018-q2-update.linux64_1.0.0.201904181610/tools/bin/../lib/gcc/arm-none-eabi/7.3.1/thumb/v6-m/libgcc.a(_dvmd_tls.o)
                0x00000000080003f0                __aeabi_ldiv0
                0x00000000080003f0                __aeabi_idiv0
 .text          0x00000000080003f4       0x48 /opt/st/stm32cubeide_1.3.0/plugins/com.st.stm32cube.ide.mcu.externaltools.gnu-tools-for-stm32.7-2018-q2-update.linux64_1.0.0.201904181610/tools/bin/../lib/gcc/arm-none-eabi/7.3.1/thumb/v6-m/libgcc.a(_aeabi_ldivmod.o)
                0x00000000080003f4                __aeabi_ldivmod
 .text          0x000000000800043c       0x54 /opt/st/stm32cubeide_1.3.0/plugins/com.st.stm32cube.ide.mcu.externaltools.gnu-tools-for-stm32.7-2018-q2-update.linux64_1.0.0.201904181610/tools/bin/../lib/gcc/arm-none-eabi/7.3.1/thumb/v6-m/libgcc.a(_muldi3.o)
                0x000000000800043c                __aeabi_lmul
                0x000000000800043c                __muldi3
 .text          0x0000000008000490       0x38 /opt/st/stm32cubeide_1.3.0/plugins/com.st.stm32cube.ide.mcu.externaltools.gnu-tools-for-stm32.7-2018-q2-update.linux64_1.0.0.201904181610/tools/bin/../lib/gcc/arm-none-eabi/7.3.1/thumb/v6-m/libgcc.a(bpabi.o)
                0x0000000008000490                __gnu_ldivmod_helper
 .text          0x00000000080004c8      0x1b0 /opt/st/stm32cubeide_1.3.0/plugins/com.st.stm32cube.ide.mcu.externaltools.gnu-tools-for-stm32.7-2018-q2-update.linux64_1.0.0.201904181610/tools/bin/../lib/gcc/arm-none-eabi/7.3.1/thumb/v6-m/libgcc.a(_divdi3.o)
                0x00000000080004c8                __divdi3
 .text          0x0000000008000678       0x18 /opt/st/stm32cubeide_1.3.0/plugins/com.st.stm32cube.ide.mcu.externaltools.gnu-tools-for-stm32.7-2018-q2-update.linux64_1.0.0.201904181610/tools/bin/../lib/gcc/arm-none-eabi/7.3.1/thumb/v6-m/libgcc.a(_clzdi2.o)
                0x0000000008000678                __clzdi2
 .text          0x0000000008000690       0x3c /opt/st/stm32cubeide_1.3.0/plugins/com.st.stm32cube.ide.mcu.externaltools.gnu-tools-for-stm32.7-2018-q2-update.linux64_1.0.0.201904181610/tools/bin/../lib/gcc/arm-none-eabi/7.3.1/thumb/v6-m/libgcc.a(_clzsi2.o)
                0x0000000008000690                __clzsi2
 *(.text*)
 .text.LL_I2C_IsActiveFlag_TXIS
                0x00000000080006cc       0x22 Core/Src/BQ769x0.o
 .text.LL_I2C_IsActiveFlag_RXNE
                0x00000000080006ee       0x22 Core/Src/BQ769x0.o
 .text.LL_I2C_IsActiveFlag_NACK
                0x0000000008000710       0x22 Core/Src/BQ769x0.o
 .text.LL_I2C_ClearFlag_NACK
                0x0000000008000732       0x1c Core/Src/BQ769x0.o
 *fill*         0x000000000800074e        0x2 
 .text.LL_I2C_HandleTransfer
                0x0000000008000750       0x4c Core/Src/BQ769x0.o
 .text.LL_I2C_ReceiveData8
                0x000000000800079c       0x16 Core/Src/BQ769x0.o
 .text.LL_I2C_TransmitData8
                0x00000000080007b2       0x1e Core/Src/BQ769x0.o
 .text.bqInit   0x00000000080007d0      0x150 Core/Src/BQ769x0.o
                0x00000000080007d0                bqInit
 .text.bqAct    0x0000000008000920       0x68 Core/Src/BQ769x0.o
                0x0000000008000920                bqAct
 .text.bqDisableAll
                0x0000000008000988       0x40 Core/Src/BQ769x0.o
                0x0000000008000988                bqDisableAll
 .text.bqEnableAll
                0x00000000080009c8       0x40 Core/Src/BQ769x0.o
                0x00000000080009c8                bqEnableAll
 .text.bqResetStatus
                0x0000000008000a08       0x14 Core/Src/BQ769x0.o
                0x0000000008000a08                bqResetStatus
 .text.bqBalance
                0x0000000008000a1c      0x1e8 Core/Src/BQ769x0.o
                0x0000000008000a1c                bqBalance
 .text.processDataRegisters
                0x0000000008000c04      0x1a0 Core/Src/BQ769x0.o
 .text.convertCellVoltage
                0x0000000008000da4       0x98 Core/Src/BQ769x0.o
 .text.convertPackVolage
                0x0000000008000e3c       0x78 Core/Src/BQ769x0.o
 .text.convertPackCurrent
                0x0000000008000eb4       0x70 Core/Src/BQ769x0.o
 .text.convertPackDieTS1
                0x0000000008000f24       0x80 Core/Src/BQ769x0.o
 .text.getRealOv
                0x0000000008000fa4       0x60 Core/Src/BQ769x0.o
 .text.getRealUv
                0x0000000008001004       0x60 Core/Src/BQ769x0.o
 .text.setCurrentProtection
                0x0000000008001064       0xb6 Core/Src/BQ769x0.o
 .text.setOvUvProtection
                0x000000000800111a       0x82 Core/Src/BQ769x0.o
 .text.writeRegister
                0x000000000800119c       0x34 Core/Src/BQ769x0.o
 .text.readRegister
                0x00000000080011d0       0x2e Core/Src/BQ769x0.o
 *fill*         0x00000000080011fe        0x2 
 .text.bqSendData
                0x0000000008001200       0xe0 Core/Src/BQ769x0.o
 .text.bqReadData
                0x00000000080012e0      0x120 Core/Src/BQ769x0.o
 .text.bqHandler
                0x0000000008001400       0x18 Core/Src/BQ769x0.o
                0x0000000008001400                bqHandler
 .text.LL_GetUID_Word0
                0x0000000008001418       0x14 Core/Src/comm.o
 .text.LL_GetUID_Word1
                0x000000000800142c       0x14 Core/Src/comm.o
 .text.LL_GetUID_Word2
                0x0000000008001440       0x14 Core/Src/comm.o
 .text.LL_USART_IsActiveFlag_RXNE
                0x0000000008001454       0x22 Core/Src/comm.o
 .text.LL_USART_IsActiveFlag_TC
                0x0000000008001476       0x22 Core/Src/comm.o
 .text.LL_USART_IsActiveFlag_TXE
                0x0000000008001498       0x22 Core/Src/comm.o
 .text.LL_USART_ReceiveData8
                0x00000000080014ba       0x16 Core/Src/comm.o
 .text.LL_USART_TransmitData8
                0x00000000080014d0       0x1e Core/Src/comm.o
 *fill*         0x00000000080014ee        0x2 
 .text.commInit
                0x00000000080014f0       0x50 Core/Src/comm.o
                0x00000000080014f0                commInit
 .text.commAct  0x0000000008001540      0x3a8 Core/Src/comm.o
                0x0000000008001540                commAct
 .text.sendText
                0x00000000080018e8       0x70 Core/Src/comm.o
 .text.LL_I2C_EnableClockStretching
                0x0000000008001958       0x20 Core/Src/main.o
 .text.LL_I2C_DisableGeneralCall
                0x0000000008001978       0x20 Core/Src/main.o
 .text.LL_I2C_SetOwnAddress2
                0x0000000008001998       0x2c Core/Src/main.o
 .text.LL_I2C_DisableOwnAddress2
                0x00000000080019c4       0x20 Core/Src/main.o
 .text.LL_I2C_EnableAutoEndMode
                0x00000000080019e4       0x1e Core/Src/main.o
 *fill*         0x0000000008001a02        0x2 
 .text.LL_RCC_MSI_Enable
                0x0000000008001a04       0x1c Core/Src/main.o
 .text.LL_RCC_MSI_IsReady
                0x0000000008001a20       0x28 Core/Src/main.o
 .text.LL_RCC_MSI_SetRange
                0x0000000008001a48       0x2c Core/Src/main.o
 .text.LL_RCC_MSI_SetCalibTrimming
                0x0000000008001a74       0x28 Core/Src/main.o
 .text.LL_RCC_SetSysClkSource
                0x0000000008001a9c       0x28 Core/Src/main.o
 .text.LL_RCC_GetSysClkSource
                0x0000000008001ac4       0x18 Core/Src/main.o
 .text.LL_RCC_SetAHBPrescaler
                0x0000000008001adc       0x28 Core/Src/main.o
 .text.LL_RCC_SetAPB1Prescaler
                0x0000000008001b04       0x2c Core/Src/main.o
 .text.LL_RCC_SetAPB2Prescaler
                0x0000000008001b30       0x2c Core/Src/main.o
 .text.LL_RCC_SetUSARTClockSource
                0x0000000008001b5c       0x30 Core/Src/main.o
 .text.LL_RCC_SetI2CClockSource
                0x0000000008001b8c       0x38 Core/Src/main.o
 .text.LL_APB1_GRP1_EnableClock
                0x0000000008001bc4       0x2c Core/Src/main.o
 .text.LL_APB2_GRP1_EnableClock
                0x0000000008001bf0       0x2c Core/Src/main.o
 .text.LL_IOP_GRP1_EnableClock
                0x0000000008001c1c       0x2c Core/Src/main.o
 .text.LL_FLASH_SetLatency
                0x0000000008001c48       0x28 Core/Src/main.o
 .text.LL_FLASH_GetLatency
                0x0000000008001c70       0x18 Core/Src/main.o
 .text.LL_PWR_SetRegulVoltageScaling
                0x0000000008001c88       0x2c Core/Src/main.o
 .text.LL_USART_Enable
                0x0000000008001cb4       0x1c Core/Src/main.o
 .text.LL_USART_DisableOverrunDetect
                0x0000000008001cd0       0x1e Core/Src/main.o
 *fill*         0x0000000008001cee        0x2 
 .text.LL_USART_ConfigAsyncMode
                0x0000000008001cf0       0x30 Core/Src/main.o
 .text.LL_USART_DisableDMADeactOnRxErr
                0x0000000008001d20       0x20 Core/Src/main.o
 .text.LL_GPIO_IsInputPinSet
                0x0000000008001d40       0x24 Core/Src/main.o
 .text.LL_GPIO_SetOutputPin
                0x0000000008001d64       0x18 Core/Src/main.o
 .text.LL_GPIO_ResetOutputPin
                0x0000000008001d7c       0x18 Core/Src/main.o
 .text.main     0x0000000008001d94      0x16c Core/Src/main.o
                0x0000000008001d94                main
 .text.SystemClock_Config
                0x0000000008001f00       0x94 Core/Src/main.o
                0x0000000008001f00                SystemClock_Config
 .text.MX_I2C1_Init
                0x0000000008001f94      0x110 Core/Src/main.o
 .text.MX_USART2_UART_Init
                0x00000000080020a4      0x100 Core/Src/main.o
 .text.MX_GPIO_Init
                0x00000000080021a4      0x19c Core/Src/main.o
 .text.Error_Handler
                0x0000000008002340        0xc Core/Src/main.o
                0x0000000008002340                Error_Handler
 .text.assert_failed
                0x000000000800234c       0x12 Core/Src/main.o
                0x000000000800234c                assert_failed
 .text.NMI_Handler
                0x000000000800235e        0xa Core/Src/stm32l0xx_it.o
                0x000000000800235e                NMI_Handler
 .text.HardFault_Handler
                0x0000000008002368        0x6 Core/Src/stm32l0xx_it.o
                0x0000000008002368                HardFault_Handler
 .text.SVC_Handler
                0x000000000800236e        0xa Core/Src/stm32l0xx_it.o
                0x000000000800236e                SVC_Handler
 .text.PendSV_Handler
                0x0000000008002378        0xa Core/Src/stm32l0xx_it.o
                0x0000000008002378                PendSV_Handler
 .text.SysTick_Handler
                0x0000000008002382        0xe Core/Src/stm32l0xx_it.o
                0x0000000008002382                SysTick_Handler
 .text.SystemInit
                0x0000000008002390       0x7c Core/Src/system_stm32l0xx.o
                0x0000000008002390                SystemInit
 .text.xputc    0x000000000800240c       0x30 Core/Src/xprintf.o
                0x000000000800240c                xputc
 .text.xputs    0x000000000800243c       0x28 Core/Src/xprintf.o
                0x000000000800243c                xputs
 .text.xvprintf
                0x0000000008002464      0x310 Core/Src/xprintf.o
 .text.xsprintf
                0x0000000008002774       0x44 Core/Src/xprintf.o
                0x0000000008002774                xsprintf
 .text.Reset_Handler
                0x00000000080027b8       0x50 Core/Startup/startup_stm32l031f4px.o
                0x00000000080027b8                Reset_Handler
 .text.Default_Handler
                0x0000000008002808        0x2 Core/Startup/startup_stm32l031f4px.o
                0x0000000008002808                ADC1_COMP_IRQHandler
                0x0000000008002808                PVD_IRQHandler
                0x0000000008002808                I2C1_IRQHandler
                0x0000000008002808                SPI1_IRQHandler
                0x0000000008002808                EXTI2_3_IRQHandler
                0x0000000008002808                RTC_IRQHandler
                0x0000000008002808                DMA1_Channel4_5_6_7_IRQHandler
                0x0000000008002808                EXTI4_15_IRQHandler
                0x0000000008002808                RCC_IRQHandler
                0x0000000008002808                DMA1_Channel1_IRQHandler
                0x0000000008002808                Default_Handler
                0x0000000008002808                TIM22_IRQHandler
                0x0000000008002808                EXTI0_1_IRQHandler
                0x0000000008002808                TIM21_IRQHandler
                0x0000000008002808                WWDG_IRQHandler
                0x0000000008002808                LPUART1_IRQHandler
                0x0000000008002808                TIM2_IRQHandler
                0x0000000008002808                DMA1_Channel2_3_IRQHandler
                0x0000000008002808                USART2_IRQHandler
                0x0000000008002808                FLASH_IRQHandler
                0x0000000008002808                LPTIM1_IRQHandler
 .text.LL_GPIO_SetPinMode
                0x000000000800280a       0x3a Drivers/STM32L0xx_HAL_Driver/Src/stm32l0xx_ll_gpio.o
 .text.LL_GPIO_SetPinOutputType
                0x0000000008002844       0x2a Drivers/STM32L0xx_HAL_Driver/Src/stm32l0xx_ll_gpio.o
 .text.LL_GPIO_SetPinSpeed
                0x000000000800286e       0x3a Drivers/STM32L0xx_HAL_Driver/Src/stm32l0xx_ll_gpio.o
 .text.LL_GPIO_SetPinPull
                0x00000000080028a8       0x3a Drivers/STM32L0xx_HAL_Driver/Src/stm32l0xx_ll_gpio.o
 .text.LL_GPIO_SetAFPin_0_7
                0x00000000080028e2       0x4a Drivers/STM32L0xx_HAL_Driver/Src/stm32l0xx_ll_gpio.o
 .text.LL_GPIO_SetAFPin_8_15
                0x000000000800292c       0x5a Drivers/STM32L0xx_HAL_Driver/Src/stm32l0xx_ll_gpio.o
 *fill*         0x0000000008002986        0x2 
 .text.LL_GPIO_Init
                0x0000000008002988      0x20c Drivers/STM32L0xx_HAL_Driver/Src/stm32l0xx_ll_gpio.o
                0x0000000008002988                LL_GPIO_Init
 .text.LL_I2C_Enable
                0x0000000008002b94       0x1c Drivers/STM32L0xx_HAL_Driver/Src/stm32l0xx_ll_i2c.o
 .text.LL_I2C_Disable
                0x0000000008002bb0       0x1e Drivers/STM32L0xx_HAL_Driver/Src/stm32l0xx_ll_i2c.o
 *fill*         0x0000000008002bce        0x2 
 .text.LL_I2C_ConfigFilters
                0x0000000008002bd0       0x30 Drivers/STM32L0xx_HAL_Driver/Src/stm32l0xx_ll_i2c.o
 .text.LL_I2C_SetOwnAddress1
                0x0000000008002c00       0x28 Drivers/STM32L0xx_HAL_Driver/Src/stm32l0xx_ll_i2c.o
 .text.LL_I2C_EnableOwnAddress1
                0x0000000008002c28       0x1e Drivers/STM32L0xx_HAL_Driver/Src/stm32l0xx_ll_i2c.o
 *fill*         0x0000000008002c46        0x2 
 .text.LL_I2C_DisableOwnAddress1
                0x0000000008002c48       0x20 Drivers/STM32L0xx_HAL_Driver/Src/stm32l0xx_ll_i2c.o
 .text.LL_I2C_SetTiming
                0x0000000008002c68       0x18 Drivers/STM32L0xx_HAL_Driver/Src/stm32l0xx_ll_i2c.o
 .text.LL_I2C_SetMode
                0x0000000008002c80       0x28 Drivers/STM32L0xx_HAL_Driver/Src/stm32l0xx_ll_i2c.o
 .text.LL_I2C_AcknowledgeNextData
                0x0000000008002ca8       0x28 Drivers/STM32L0xx_HAL_Driver/Src/stm32l0xx_ll_i2c.o
 .text.LL_I2C_Init
                0x0000000008002cd0      0x158 Drivers/STM32L0xx_HAL_Driver/Src/stm32l0xx_ll_i2c.o
                0x0000000008002cd0                LL_I2C_Init
 .text.LL_RCC_HSI_IsReady
                0x0000000008002e28       0x20 Drivers/STM32L0xx_HAL_Driver/Src/stm32l0xx_ll_rcc.o
 .text.LL_RCC_LSE_IsReady
                0x0000000008002e48       0x28 Drivers/STM32L0xx_HAL_Driver/Src/stm32l0xx_ll_rcc.o
 .text.LL_RCC_MSI_GetRange
                0x0000000008002e70       0x18 Drivers/STM32L0xx_HAL_Driver/Src/stm32l0xx_ll_rcc.o
 .text.LL_RCC_GetSysClkSource
                0x0000000008002e88       0x18 Drivers/STM32L0xx_HAL_Driver/Src/stm32l0xx_ll_rcc.o
 .text.LL_RCC_GetAHBPrescaler
                0x0000000008002ea0       0x18 Drivers/STM32L0xx_HAL_Driver/Src/stm32l0xx_ll_rcc.o
 .text.LL_RCC_GetAPB1Prescaler
                0x0000000008002eb8       0x18 Drivers/STM32L0xx_HAL_Driver/Src/stm32l0xx_ll_rcc.o
 .text.LL_RCC_GetUSARTClockSource
                0x0000000008002ed0       0x24 Drivers/STM32L0xx_HAL_Driver/Src/stm32l0xx_ll_rcc.o
 .text.LL_RCC_PLL_GetMainSource
                0x0000000008002ef4       0x18 Drivers/STM32L0xx_HAL_Driver/Src/stm32l0xx_ll_rcc.o
 .text.LL_RCC_PLL_GetMultiplicator
                0x0000000008002f0c       0x18 Drivers/STM32L0xx_HAL_Driver/Src/stm32l0xx_ll_rcc.o
 .text.LL_RCC_PLL_GetDivider
                0x0000000008002f24       0x18 Drivers/STM32L0xx_HAL_Driver/Src/stm32l0xx_ll_rcc.o
 .text.LL_RCC_IsActiveFlag_HSIDIV
                0x0000000008002f3c       0x20 Drivers/STM32L0xx_HAL_Driver/Src/stm32l0xx_ll_rcc.o
 .text.LL_RCC_GetUSARTClockFreq
                0x0000000008002f5c       0xbc Drivers/STM32L0xx_HAL_Driver/Src/stm32l0xx_ll_rcc.o
                0x0000000008002f5c                LL_RCC_GetUSARTClockFreq
 .text.RCC_GetSystemClockFreq
                0x0000000008003018       0x88 Drivers/STM32L0xx_HAL_Driver/Src/stm32l0xx_ll_rcc.o
                0x0000000008003018                RCC_GetSystemClockFreq
 .text.RCC_GetHCLKClockFreq
                0x00000000080030a0       0x2c Drivers/STM32L0xx_HAL_Driver/Src/stm32l0xx_ll_rcc.o
                0x00000000080030a0                RCC_GetHCLKClockFreq
 .text.RCC_GetPCLK1ClockFreq
                0x00000000080030cc       0x28 Drivers/STM32L0xx_HAL_Driver/Src/stm32l0xx_ll_rcc.o
                0x00000000080030cc                RCC_GetPCLK1ClockFreq
 .text.RCC_PLL_GetFreqDomain_SYS
                0x00000000080030f4       0x70 Drivers/STM32L0xx_HAL_Driver/Src/stm32l0xx_ll_rcc.o
                0x00000000080030f4                RCC_PLL_GetFreqDomain_SYS
 .text.LL_USART_IsEnabled
                0x0000000008003164       0x22 Drivers/STM32L0xx_HAL_Driver/Src/stm32l0xx_ll_usart.o
 *fill*         0x0000000008003186        0x2 
 .text.LL_USART_SetStopBitsLength
                0x0000000008003188       0x28 Drivers/STM32L0xx_HAL_Driver/Src/stm32l0xx_ll_usart.o
 .text.LL_USART_SetHWFlowCtrl
                0x00000000080031b0       0x28 Drivers/STM32L0xx_HAL_Driver/Src/stm32l0xx_ll_usart.o
 .text.LL_USART_SetBaudRate
                0x00000000080031d8       0x70 Drivers/STM32L0xx_HAL_Driver/Src/stm32l0xx_ll_usart.o
 .text.LL_USART_Init
                0x0000000008003248      0x21c Drivers/STM32L0xx_HAL_Driver/Src/stm32l0xx_ll_usart.o
                0x0000000008003248                LL_USART_Init
 .text.LL_InitTick
                0x0000000008003464       0x34 Drivers/STM32L0xx_HAL_Driver/Src/stm32l0xx_ll_utils.o
 .text.LL_Init1msTick
                0x0000000008003498       0x1e Drivers/STM32L0xx_HAL_Driver/Src/stm32l0xx_ll_utils.o
                0x0000000008003498                LL_Init1msTick
 *fill*         0x00000000080034b6        0x2 
 .text.LL_SetSystemCoreClock
                0x00000000080034b8       0x1c Drivers/STM32L0xx_HAL_Driver/Src/stm32l0xx_ll_utils.o
                0x00000000080034b8                LL_SetSystemCoreClock
 .text.__libc_init_array
                0x00000000080034d4       0x48 /opt/st/stm32cubeide_1.3.0/plugins/com.st.stm32cube.ide.mcu.externaltools.gnu-tools-for-stm32.7-2018-q2-update.linux64_1.0.0.201904181610/tools/bin/../lib/gcc/arm-none-eabi/7.3.1/../../../../arm-none-eabi/lib/thumb/v6-m/libc_nano.a(lib_a-init.o)
                0x00000000080034d4                __libc_init_array
 .text.memset   0x000000000800351c       0x10 /opt/st/stm32cubeide_1.3.0/plugins/com.st.stm32cube.ide.mcu.externaltools.gnu-tools-for-stm32.7-2018-q2-update.linux64_1.0.0.201904181610/tools/bin/../lib/gcc/arm-none-eabi/7.3.1/../../../../arm-none-eabi/lib/thumb/v6-m/libc_nano.a(lib_a-memset.o)
                0x000000000800351c                memset
 *(.glue_7)
 .glue_7        0x000000000800352c        0x0 linker stubs
 *(.glue_7t)
 .glue_7t       0x000000000800352c        0x0 linker stubs
 *(.eh_frame)
 .eh_frame      0x000000000800352c        0x0 /opt/st/stm32cubeide_1.3.0/plugins/com.st.stm32cube.ide.mcu.externaltools.gnu-tools-for-stm32.7-2018-q2-update.linux64_1.0.0.201904181610/tools/bin/../lib/gcc/arm-none-eabi/7.3.1/thumb/v6-m/crtbegin.o
 *(.init)
 .init          0x000000000800352c        0x4 /opt/st/stm32cubeide_1.3.0/plugins/com.st.stm32cube.ide.mcu.externaltools.gnu-tools-for-stm32.7-2018-q2-update.linux64_1.0.0.201904181610/tools/bin/../lib/gcc/arm-none-eabi/7.3.1/thumb/v6-m/crti.o
                0x000000000800352c                _init
 .init          0x0000000008003530        0x8 /opt/st/stm32cubeide_1.3.0/plugins/com.st.stm32cube.ide.mcu.externaltools.gnu-tools-for-stm32.7-2018-q2-update.linux64_1.0.0.201904181610/tools/bin/../lib/gcc/arm-none-eabi/7.3.1/thumb/v6-m/crtn.o
 *(.fini)
 .fini          0x0000000008003538        0x4 /opt/st/stm32cubeide_1.3.0/plugins/com.st.stm32cube.ide.mcu.externaltools.gnu-tools-for-stm32.7-2018-q2-update.linux64_1.0.0.201904181610/tools/bin/../lib/gcc/arm-none-eabi/7.3.1/thumb/v6-m/crti.o
                0x0000000008003538                _fini
 .fini          0x000000000800353c        0x8 /opt/st/stm32cubeide_1.3.0/plugins/com.st.stm32cube.ide.mcu.externaltools.gnu-tools-for-stm32.7-2018-q2-update.linux64_1.0.0.201904181610/tools/bin/../lib/gcc/arm-none-eabi/7.3.1/thumb/v6-m/crtn.o
                0x0000000008003544                . = ALIGN (0x4)
                0x0000000008003544                _etext = .

.vfp11_veneer   0x0000000008003544        0x0
 .vfp11_veneer  0x0000000008003544        0x0 linker stubs

.v4_bx          0x0000000008003544        0x0
 .v4_bx         0x0000000008003544        0x0 linker stubs

.iplt           0x0000000008003544        0x0
 .iplt          0x0000000008003544        0x0 /opt/st/stm32cubeide_1.3.0/plugins/com.st.stm32cube.ide.mcu.externaltools.gnu-tools-for-stm32.7-2018-q2-update.linux64_1.0.0.201904181610/tools/bin/../lib/gcc/arm-none-eabi/7.3.1/thumb/v6-m/crtbegin.o

.rodata         0x0000000008003544      0x27c
                0x0000000008003544                . = ALIGN (0x4)
 *(.rodata)
 .rodata        0x0000000008003544       0xd0 Core/Src/comm.o
 .rodata        0x0000000008003614       0x38 Drivers/STM32L0xx_HAL_Driver/Src/stm32l0xx_ll_gpio.o
 .rodata        0x000000000800364c       0x37 Drivers/STM32L0xx_HAL_Driver/Src/stm32l0xx_ll_i2c.o
 *fill*         0x0000000008003683        0x1 
 .rodata        0x0000000008003684       0x37 Drivers/STM32L0xx_HAL_Driver/Src/stm32l0xx_ll_rcc.o
 *fill*         0x00000000080036bb        0x1 
 .rodata        0x00000000080036bc       0x39 Drivers/STM32L0xx_HAL_Driver/Src/stm32l0xx_ll_usart.o
 *(.rodata*)
 *fill*         0x00000000080036f5        0x3 
 .rodata.commAct
                0x00000000080036f8       0x48 Core/Src/comm.o
 .rodata.AHBPrescTable
                0x0000000008003740       0x10 Core/Src/system_stm32l0xx.o
                0x0000000008003740                AHBPrescTable
 .rodata.APBPrescTable
                0x0000000008003750        0x8 Core/Src/system_stm32l0xx.o
                0x0000000008003750                APBPrescTable
 .rodata.PLLMulTable
                0x0000000008003758        0x9 Core/Src/system_stm32l0xx.o
                0x0000000008003758                PLLMulTable
 *fill*         0x0000000008003761        0x3 
 .rodata.xvprintf
                0x0000000008003764       0x5c Core/Src/xprintf.o
                0x00000000080037c0                . = ALIGN (0x4)

.ARM.extab      0x00000000080037c0        0x0
                0x00000000080037c0                . = ALIGN (0x4)
 *(.ARM.extab* .gnu.linkonce.armextab.*)
                0x00000000080037c0                . = ALIGN (0x4)

.ARM            0x00000000080037c0        0x8
                0x00000000080037c0                . = ALIGN (0x4)
                0x00000000080037c0                __exidx_start = .
 *(.ARM.exidx*)
 .ARM.exidx     0x00000000080037c0        0x8 /opt/st/stm32cubeide_1.3.0/plugins/com.st.stm32cube.ide.mcu.externaltools.gnu-tools-for-stm32.7-2018-q2-update.linux64_1.0.0.201904181610/tools/bin/../lib/gcc/arm-none-eabi/7.3.1/thumb/v6-m/libgcc.a(_divdi3.o)
                0x00000000080037c8                __exidx_end = .
                0x00000000080037c8                . = ALIGN (0x4)

.rel.dyn        0x00000000080037c8        0x0
 .rel.iplt      0x00000000080037c8        0x0 /opt/st/stm32cubeide_1.3.0/plugins/com.st.stm32cube.ide.mcu.externaltools.gnu-tools-for-stm32.7-2018-q2-update.linux64_1.0.0.201904181610/tools/bin/../lib/gcc/arm-none-eabi/7.3.1/thumb/v6-m/crtbegin.o

.preinit_array  0x00000000080037c8        0x0
                0x00000000080037c8                . = ALIGN (0x4)
                0x00000000080037c8                PROVIDE (__preinit_array_start = .)
 *(.preinit_array*)
                0x00000000080037c8                PROVIDE (__preinit_array_end = .)
                0x00000000080037c8                . = ALIGN (0x4)

.init_array     0x00000000080037c8        0x4
                0x00000000080037c8                . = ALIGN (0x4)
                0x00000000080037c8                PROVIDE (__init_array_start = .)
 *(SORT_BY_NAME(.init_array.*))
 *(.init_array*)
 .init_array    0x00000000080037c8        0x4 /opt/st/stm32cubeide_1.3.0/plugins/com.st.stm32cube.ide.mcu.externaltools.gnu-tools-for-stm32.7-2018-q2-update.linux64_1.0.0.201904181610/tools/bin/../lib/gcc/arm-none-eabi/7.3.1/thumb/v6-m/crtbegin.o
                0x00000000080037cc                PROVIDE (__init_array_end = .)
                0x00000000080037cc                . = ALIGN (0x4)

.fini_array     0x00000000080037cc        0x4
                0x00000000080037cc                . = ALIGN (0x4)
                [!provide]                        PROVIDE (__fini_array_start = .)
 *(SORT_BY_NAME(.fini_array.*))
 *(.fini_array*)
 .fini_array    0x00000000080037cc        0x4 /opt/st/stm32cubeide_1.3.0/plugins/com.st.stm32cube.ide.mcu.externaltools.gnu-tools-for-stm32.7-2018-q2-update.linux64_1.0.0.201904181610/tools/bin/../lib/gcc/arm-none-eabi/7.3.1/thumb/v6-m/crtbegin.o
                [!provide]                        PROVIDE (__fini_array_end = .)
                0x00000000080037d0                . = ALIGN (0x4)
                0x00000000080037d0                _sidata = LOADADDR (.data)

.data           0x0000000020000000        0x4 load address 0x00000000080037d0
                0x0000000020000000                . = ALIGN (0x4)
                0x0000000020000000                _sdata = .
 *(.data)
 *(.data*)
 .data.SystemCoreClock
                0x0000000020000000        0x4 Core/Src/system_stm32l0xx.o
                0x0000000020000000                SystemCoreClock
                0x0000000020000004                . = ALIGN (0x4)
                0x0000000020000004                _edata = .

.igot.plt       0x0000000020000004        0x0 load address 0x00000000080037d4
 .igot.plt      0x0000000020000004        0x0 /opt/st/stm32cubeide_1.3.0/plugins/com.st.stm32cube.ide.mcu.externaltools.gnu-tools-for-stm32.7-2018-q2-update.linux64_1.0.0.201904181610/tools/bin/../lib/gcc/arm-none-eabi/7.3.1/thumb/v6-m/crtbegin.o
                0x0000000020000004                . = ALIGN (0x4)

.bss            0x0000000020000008      0x164 load address 0x00000000080037d4
                0x0000000020000008                _sbss = .
                0x0000000020000008                __bss_start__ = _sbss
 *(.bss)
 .bss           0x0000000020000008       0x1c /opt/st/stm32cubeide_1.3.0/plugins/com.st.stm32cube.ide.mcu.externaltools.gnu-tools-for-stm32.7-2018-q2-update.linux64_1.0.0.201904181610/tools/bin/../lib/gcc/arm-none-eabi/7.3.1/thumb/v6-m/crtbegin.o
 *(.bss*)
 .bss.afeRawData
                0x0000000020000024       0x40 Core/Src/BQ769x0.o
 .bss.bqI2C     0x0000000020000064        0x4 Core/Src/BQ769x0.o
 .bss.adcOffset
                0x0000000020000068        0x4 Core/Src/BQ769x0.o
 .bss.adcGain   0x000000002000006c        0x4 Core/Src/BQ769x0.o
 .bss.data      0x0000000020000070        0x4 Core/Src/BQ769x0.o
 .bss.config    0x0000000020000074        0x4 Core/Src/BQ769x0.o
 .bss.afeStatus
                0x0000000020000078        0x1 Core/Src/BQ769x0.o
 *fill*         0x0000000020000079        0x3 
 .bss.ticks     0x000000002000007c        0x4 Core/Src/BQ769x0.o
 .bss.data      0x0000000020000080        0x4 Core/Src/comm.o
 .bss.config    0x0000000020000084        0x4 Core/Src/comm.o
 .bss.port      0x0000000020000088        0x4 Core/Src/comm.o
 .bss.commBuffer
                0x000000002000008c       0x80 Core/Src/comm.o
 .bss.afeConfig
                0x000000002000010c       0x1a Core/Src/main.o
 *fill*         0x0000000020000126        0x2 
 .bss.afeData   0x0000000020000128       0x40 Core/Src/main.o
 .bss.outptr    0x0000000020000168        0x4 Core/Src/xprintf.o
 *(COMMON)
                0x000000002000016c                . = ALIGN (0x4)
                0x000000002000016c                _ebss = .
                0x000000002000016c                __bss_end__ = _ebss

._user_heap_stack
                0x000000002000016c      0x604 load address 0x00000000080037d4
                0x0000000020000170                . = ALIGN (0x8)
 *fill*         0x000000002000016c        0x4 
                0x0000000020000170                PROVIDE (end = .)
                [!provide]                        PROVIDE (_end = .)
                0x0000000020000370                . = (. + _Min_Heap_Size)
 *fill*         0x0000000020000170      0x200 
                0x0000000020000770                . = (. + _Min_Stack_Size)
 *fill*         0x0000000020000370      0x400 
                0x0000000020000770                . = ALIGN (0x8)

/DISCARD/
 libc.a(*)
 libm.a(*)
 libgcc.a(*)

.ARM.attributes
                0x0000000000000000       0x28
 *(.ARM.attributes)
 .ARM.attributes
                0x0000000000000000       0x1e /opt/st/stm32cubeide_1.3.0/plugins/com.st.stm32cube.ide.mcu.externaltools.gnu-tools-for-stm32.7-2018-q2-update.linux64_1.0.0.201904181610/tools/bin/../lib/gcc/arm-none-eabi/7.3.1/thumb/v6-m/crti.o
 .ARM.attributes
                0x000000000000001e       0x2c /opt/st/stm32cubeide_1.3.0/plugins/com.st.stm32cube.ide.mcu.externaltools.gnu-tools-for-stm32.7-2018-q2-update.linux64_1.0.0.201904181610/tools/bin/../lib/gcc/arm-none-eabi/7.3.1/thumb/v6-m/crtbegin.o
 .ARM.attributes
                0x000000000000004a       0x32 Core/Src/BQ769x0.o
 .ARM.attributes
                0x000000000000007c       0x32 Core/Src/comm.o
 .ARM.attributes
                0x00000000000000ae       0x32 Core/Src/main.o
 .ARM.attributes
                0x00000000000000e0       0x32 Core/Src/stm32l0xx_it.o
 .ARM.attributes
                0x0000000000000112       0x32 Core/Src/system_stm32l0xx.o
 .ARM.attributes
                0x0000000000000144       0x32 Core/Src/xprintf.o
 .ARM.attributes
                0x0000000000000176       0x22 Core/Startup/startup_stm32l031f4px.o
 .ARM.attributes
                0x0000000000000198       0x32 Drivers/STM32L0xx_HAL_Driver/Src/stm32l0xx_ll_gpio.o
 .ARM.attributes
                0x00000000000001ca       0x32 Drivers/STM32L0xx_HAL_Driver/Src/stm32l0xx_ll_i2c.o
 .ARM.attributes
                0x00000000000001fc       0x32 Drivers/STM32L0xx_HAL_Driver/Src/stm32l0xx_ll_rcc.o
 .ARM.attributes
                0x000000000000022e       0x32 Drivers/STM32L0xx_HAL_Driver/Src/stm32l0xx_ll_usart.o
 .ARM.attributes
                0x0000000000000260       0x32 Drivers/STM32L0xx_HAL_Driver/Src/stm32l0xx_ll_utils.o
 .ARM.attributes
                0x0000000000000292       0x2c /opt/st/stm32cubeide_1.3.0/plugins/com.st.stm32cube.ide.mcu.externaltools.gnu-tools-for-stm32.7-2018-q2-update.linux64_1.0.0.201904181610/tools/bin/../lib/gcc/arm-none-eabi/7.3.1/../../../../arm-none-eabi/lib/thumb/v6-m/libc_nano.a(lib_a-init.o)
 .ARM.attributes
                0x00000000000002be       0x2c /opt/st/stm32cubeide_1.3.0/plugins/com.st.stm32cube.ide.mcu.externaltools.gnu-tools-for-stm32.7-2018-q2-update.linux64_1.0.0.201904181610/tools/bin/../lib/gcc/arm-none-eabi/7.3.1/../../../../arm-none-eabi/lib/thumb/v6-m/libc_nano.a(lib_a-memset.o)
 .ARM.attributes
                0x00000000000002ea       0x1e /opt/st/stm32cubeide_1.3.0/plugins/com.st.stm32cube.ide.mcu.externaltools.gnu-tools-for-stm32.7-2018-q2-update.linux64_1.0.0.201904181610/tools/bin/../lib/gcc/arm-none-eabi/7.3.1/thumb/v6-m/libgcc.a(_udivsi3.o)
 .ARM.attributes
                0x0000000000000308       0x1e /opt/st/stm32cubeide_1.3.0/plugins/com.st.stm32cube.ide.mcu.externaltools.gnu-tools-for-stm32.7-2018-q2-update.linux64_1.0.0.201904181610/tools/bin/../lib/gcc/arm-none-eabi/7.3.1/thumb/v6-m/libgcc.a(_divsi3.o)
 .ARM.attributes
                0x0000000000000326       0x1e /opt/st/stm32cubeide_1.3.0/plugins/com.st.stm32cube.ide.mcu.externaltools.gnu-tools-for-stm32.7-2018-q2-update.linux64_1.0.0.201904181610/tools/bin/../lib/gcc/arm-none-eabi/7.3.1/thumb/v6-m/libgcc.a(_dvmd_tls.o)
 .ARM.attributes
                0x0000000000000344       0x1e /opt/st/stm32cubeide_1.3.0/plugins/com.st.stm32cube.ide.mcu.externaltools.gnu-tools-for-stm32.7-2018-q2-update.linux64_1.0.0.201904181610/tools/bin/../lib/gcc/arm-none-eabi/7.3.1/thumb/v6-m/libgcc.a(_aeabi_ldivmod.o)
 .ARM.attributes
                0x0000000000000362       0x2c /opt/st/stm32cubeide_1.3.0/plugins/com.st.stm32cube.ide.mcu.externaltools.gnu-tools-for-stm32.7-2018-q2-update.linux64_1.0.0.201904181610/tools/bin/../lib/gcc/arm-none-eabi/7.3.1/thumb/v6-m/libgcc.a(_muldi3.o)
 .ARM.attributes
                0x000000000000038e       0x2c /opt/st/stm32cubeide_1.3.0/plugins/com.st.stm32cube.ide.mcu.externaltools.gnu-tools-for-stm32.7-2018-q2-update.linux64_1.0.0.201904181610/tools/bin/../lib/gcc/arm-none-eabi/7.3.1/thumb/v6-m/libgcc.a(bpabi.o)
 .ARM.attributes
                0x00000000000003ba       0x2c /opt/st/stm32cubeide_1.3.0/plugins/com.st.stm32cube.ide.mcu.externaltools.gnu-tools-for-stm32.7-2018-q2-update.linux64_1.0.0.201904181610/tools/bin/../lib/gcc/arm-none-eabi/7.3.1/thumb/v6-m/libgcc.a(_divdi3.o)
 .ARM.attributes
                0x00000000000003e6       0x1e /opt/st/stm32cubeide_1.3.0/plugins/com.st.stm32cube.ide.mcu.externaltools.gnu-tools-for-stm32.7-2018-q2-update.linux64_1.0.0.201904181610/tools/bin/../lib/gcc/arm-none-eabi/7.3.1/thumb/v6-m/libgcc.a(_clzdi2.o)
 .ARM.attributes
                0x0000000000000404       0x1e /opt/st/stm32cubeide_1.3.0/plugins/com.st.stm32cube.ide.mcu.externaltools.gnu-tools-for-stm32.7-2018-q2-update.linux64_1.0.0.201904181610/tools/bin/../lib/gcc/arm-none-eabi/7.3.1/thumb/v6-m/libgcc.a(_clzsi2.o)
 .ARM.attributes
                0x0000000000000422       0x1e /opt/st/stm32cubeide_1.3.0/plugins/com.st.stm32cube.ide.mcu.externaltools.gnu-tools-for-stm32.7-2018-q2-update.linux64_1.0.0.201904181610/tools/bin/../lib/gcc/arm-none-eabi/7.3.1/thumb/v6-m/crtn.o
OUTPUT(cubeTest.elf elf32-littlearm)

.debug_info     0x0000000000000000     0x4e28
 .debug_info    0x0000000000000000      0xe35 Core/Src/BQ769x0.o
 .debug_info    0x0000000000000e35      0x78f Core/Src/comm.o
 .debug_info    0x00000000000015c4      0xf88 Core/Src/main.o
 .debug_info    0x000000000000254c      0x187 Core/Src/stm32l0xx_it.o
 .debug_info    0x00000000000026d3      0x37d Core/Src/system_stm32l0xx.o
 .debug_info    0x0000000000002a50      0x1cf Core/Src/xprintf.o
 .debug_info    0x0000000000002c1f       0x22 Core/Startup/startup_stm32l031f4px.o
 .debug_info    0x0000000000002c41      0x5fc Drivers/STM32L0xx_HAL_Driver/Src/stm32l0xx_ll_gpio.o
 .debug_info    0x000000000000323d      0x60c Drivers/STM32L0xx_HAL_Driver/Src/stm32l0xx_ll_i2c.o
 .debug_info    0x0000000000003849      0x750 Drivers/STM32L0xx_HAL_Driver/Src/stm32l0xx_ll_rcc.o
 .debug_info    0x0000000000003f99      0x662 Drivers/STM32L0xx_HAL_Driver/Src/stm32l0xx_ll_usart.o
 .debug_info    0x00000000000045fb      0x82d Drivers/STM32L0xx_HAL_Driver/Src/stm32l0xx_ll_utils.o

.debug_abbrev   0x0000000000000000     0x11cb
 .debug_abbrev  0x0000000000000000      0x282 Core/Src/BQ769x0.o
 .debug_abbrev  0x0000000000000282      0x1a3 Core/Src/comm.o
 .debug_abbrev  0x0000000000000425      0x228 Core/Src/main.o
 .debug_abbrev  0x000000000000064d       0xa3 Core/Src/stm32l0xx_it.o
 .debug_abbrev  0x00000000000006f0      0x100 Core/Src/system_stm32l0xx.o
 .debug_abbrev  0x00000000000007f0       0xff Core/Src/xprintf.o
 .debug_abbrev  0x00000000000008ef       0x12 Core/Startup/startup_stm32l031f4px.o
 .debug_abbrev  0x0000000000000901      0x191 Drivers/STM32L0xx_HAL_Driver/Src/stm32l0xx_ll_gpio.o
 .debug_abbrev  0x0000000000000a92      0x173 Drivers/STM32L0xx_HAL_Driver/Src/stm32l0xx_ll_i2c.o
 .debug_abbrev  0x0000000000000c05      0x1ee Drivers/STM32L0xx_HAL_Driver/Src/stm32l0xx_ll_rcc.o
 .debug_abbrev  0x0000000000000df3      0x1b8 Drivers/STM32L0xx_HAL_Driver/Src/stm32l0xx_ll_usart.o
 .debug_abbrev  0x0000000000000fab      0x220 Drivers/STM32L0xx_HAL_Driver/Src/stm32l0xx_ll_utils.o

.debug_aranges  0x0000000000000000      0x6f0
 .debug_aranges
                0x0000000000000000       0xf0 Core/Src/BQ769x0.o
 .debug_aranges
                0x00000000000000f0       0x70 Core/Src/comm.o
 .debug_aranges
                0x0000000000000160      0x138 Core/Src/main.o
 .debug_aranges
                0x0000000000000298       0x40 Core/Src/stm32l0xx_it.o
 .debug_aranges
                0x00000000000002d8       0x28 Core/Src/system_stm32l0xx.o
 .debug_aranges
                0x0000000000000300       0x38 Core/Src/xprintf.o
 .debug_aranges
                0x0000000000000338       0x28 Core/Startup/startup_stm32l031f4px.o
 .debug_aranges
                0x0000000000000360       0x70 Drivers/STM32L0xx_HAL_Driver/Src/stm32l0xx_ll_gpio.o
 .debug_aranges
                0x00000000000003d0       0x88 Drivers/STM32L0xx_HAL_Driver/Src/stm32l0xx_ll_i2c.o
 .debug_aranges
                0x0000000000000458      0x130 Drivers/STM32L0xx_HAL_Driver/Src/stm32l0xx_ll_rcc.o
 .debug_aranges
                0x0000000000000588       0x78 Drivers/STM32L0xx_HAL_Driver/Src/stm32l0xx_ll_usart.o
 .debug_aranges
                0x0000000000000600       0xf0 Drivers/STM32L0xx_HAL_Driver/Src/stm32l0xx_ll_utils.o

.debug_ranges   0x0000000000000000      0x660
 .debug_ranges  0x0000000000000000      0x108 Core/Src/BQ769x0.o
 .debug_ranges  0x0000000000000108       0x60 Core/Src/comm.o
 .debug_ranges  0x0000000000000168      0x128 Core/Src/main.o
 .debug_ranges  0x0000000000000290       0x30 Core/Src/stm32l0xx_it.o
 .debug_ranges  0x00000000000002c0       0x18 Core/Src/system_stm32l0xx.o
 .debug_ranges  0x00000000000002d8       0x28 Core/Src/xprintf.o
 .debug_ranges  0x0000000000000300       0x20 Core/Startup/startup_stm32l031f4px.o
 .debug_ranges  0x0000000000000320       0x60 Drivers/STM32L0xx_HAL_Driver/Src/stm32l0xx_ll_gpio.o
 .debug_ranges  0x0000000000000380       0x78 Drivers/STM32L0xx_HAL_Driver/Src/stm32l0xx_ll_i2c.o
 .debug_ranges  0x00000000000003f8      0x120 Drivers/STM32L0xx_HAL_Driver/Src/stm32l0xx_ll_rcc.o
 .debug_ranges  0x0000000000000518       0x68 Drivers/STM32L0xx_HAL_Driver/Src/stm32l0xx_ll_usart.o
 .debug_ranges  0x0000000000000580       0xe0 Drivers/STM32L0xx_HAL_Driver/Src/stm32l0xx_ll_utils.o

.debug_macro    0x0000000000000000     0xbaa7
 .debug_macro   0x0000000000000000       0xf2 Core/Src/BQ769x0.o
 .debug_macro   0x00000000000000f2      0xa90 Core/Src/BQ769x0.o
 .debug_macro   0x0000000000000b82       0x2e Core/Src/BQ769x0.o
 .debug_macro   0x0000000000000bb0       0x28 Core/Src/BQ769x0.o
 .debug_macro   0x0000000000000bd8       0x22 Core/Src/BQ769x0.o
 .debug_macro   0x0000000000000bfa       0x8e Core/Src/BQ769x0.o
 .debug_macro   0x0000000000000c88       0x51 Core/Src/BQ769x0.o
 .debug_macro   0x0000000000000cd9       0xef Core/Src/BQ769x0.o
 .debug_macro   0x0000000000000dc8       0x6a Core/Src/BQ769x0.o
 .debug_macro   0x0000000000000e32      0x1df Core/Src/BQ769x0.o
 .debug_macro   0x0000000000001011       0x34 Core/Src/BQ769x0.o
 .debug_macro   0x0000000000001045       0x26 Core/Src/BQ769x0.o
 .debug_macro   0x000000000000106b      0x329 Core/Src/BQ769x0.o
 .debug_macro   0x0000000000001394     0x7ef2 Core/Src/BQ769x0.o
 .debug_macro   0x0000000000009286       0x3c Core/Src/BQ769x0.o
 .debug_macro   0x00000000000092c2      0x240 Core/Src/BQ769x0.o
 .debug_macro   0x0000000000009502      0x18a Core/Src/BQ769x0.o
 .debug_macro   0x000000000000968c       0xf8 Core/Src/comm.o
 .debug_macro   0x0000000000009784       0x24 Core/Src/comm.o
 .debug_macro   0x00000000000097a8      0x2f7 Core/Src/comm.o
 .debug_macro   0x0000000000009a9f       0x22 Core/Src/comm.o
 .debug_macro   0x0000000000009ac1      0x15a Core/Src/main.o
 .debug_macro   0x0000000000009c1b      0x246 Core/Src/main.o
 .debug_macro   0x0000000000009e61      0x3b4 Core/Src/main.o
 .debug_macro   0x000000000000a215       0xb5 Core/Src/main.o
 .debug_macro   0x000000000000a2ca      0x14b Core/Src/main.o
 .debug_macro   0x000000000000a415      0x109 Core/Src/main.o
 .debug_macro   0x000000000000a51e       0x16 Core/Src/main.o
 .debug_macro   0x000000000000a534       0x2a Core/Src/main.o
 .debug_macro   0x000000000000a55e       0xcf Core/Src/main.o
 .debug_macro   0x000000000000a62d      0x303 Core/Src/main.o
 .debug_macro   0x000000000000a930      0x12d Core/Src/main.o
 .debug_macro   0x000000000000aa5d       0x10 Core/Src/main.o
 .debug_macro   0x000000000000aa6d       0x52 Core/Src/main.o
 .debug_macro   0x000000000000aabf      0x156 Core/Src/stm32l0xx_it.o
 .debug_macro   0x000000000000ac15       0xc3 Core/Src/system_stm32l0xx.o
 .debug_macro   0x000000000000acd8       0x23 Core/Src/xprintf.o
 .debug_macro   0x000000000000acfb       0x58 Core/Src/xprintf.o
 .debug_macro   0x000000000000ad53      0x102 Drivers/STM32L0xx_HAL_Driver/Src/stm32l0xx_ll_gpio.o
 .debug_macro   0x000000000000ae55      0x127 Drivers/STM32L0xx_HAL_Driver/Src/stm32l0xx_ll_gpio.o
 .debug_macro   0x000000000000af7c      0x102 Drivers/STM32L0xx_HAL_Driver/Src/stm32l0xx_ll_i2c.o
 .debug_macro   0x000000000000b07e       0xed Drivers/STM32L0xx_HAL_Driver/Src/stm32l0xx_ll_rcc.o
 .debug_macro   0x000000000000b16b      0x3ae Drivers/STM32L0xx_HAL_Driver/Src/stm32l0xx_ll_rcc.o
 .debug_macro   0x000000000000b519      0x135 Drivers/STM32L0xx_HAL_Driver/Src/stm32l0xx_ll_usart.o
 .debug_macro   0x000000000000b64e      0x2f1 Drivers/STM32L0xx_HAL_Driver/Src/stm32l0xx_ll_usart.o
 .debug_macro   0x000000000000b93f      0x168 Drivers/STM32L0xx_HAL_Driver/Src/stm32l0xx_ll_utils.o

.debug_line     0x0000000000000000     0x4845
 .debug_line    0x0000000000000000      0x7e6 Core/Src/BQ769x0.o
 .debug_line    0x00000000000007e6      0x60c Core/Src/comm.o
 .debug_line    0x0000000000000df2      0x918 Core/Src/main.o
 .debug_line    0x000000000000170a      0x5ef Core/Src/stm32l0xx_it.o
 .debug_line    0x0000000000001cf9      0x467 Core/Src/system_stm32l0xx.o
 .debug_line    0x0000000000002160      0x26f Core/Src/xprintf.o
 .debug_line    0x00000000000023cf       0x8a Core/Startup/startup_stm32l031f4px.o
 .debug_line    0x0000000000002459      0x667 Drivers/STM32L0xx_HAL_Driver/Src/stm32l0xx_ll_gpio.o
 .debug_line    0x0000000000002ac0      0x61b Drivers/STM32L0xx_HAL_Driver/Src/stm32l0xx_ll_i2c.o
 .debug_line    0x00000000000030db      0x835 Drivers/STM32L0xx_HAL_Driver/Src/stm32l0xx_ll_rcc.o
 .debug_line    0x0000000000003910      0x6ca Drivers/STM32L0xx_HAL_Driver/Src/stm32l0xx_ll_usart.o
 .debug_line    0x0000000000003fda      0x86b Drivers/STM32L0xx_HAL_Driver/Src/stm32l0xx_ll_utils.o

.debug_str      0x0000000000000000    0x3ba2b
 .debug_str     0x0000000000000000    0x32b17 Core/Src/BQ769x0.o
                                      0x32d55 (size before relaxing)
 .debug_str     0x0000000000032b17     0x1356 Core/Src/comm.o
                                      0x328a1 (size before relaxing)
 .debug_str     0x0000000000033e6d     0x54eb Core/Src/main.o
                                      0x38c91 (size before relaxing)
 .debug_str     0x0000000000039358       0x76 Core/Src/stm32l0xx_it.o
                                      0x3821e (size before relaxing)
 .debug_str     0x00000000000393ce       0xa6 Core/Src/system_stm32l0xx.o
                                      0x311e1 (size before relaxing)
 .debug_str     0x0000000000039474      0x155 Core/Src/xprintf.o
                                       0x2f3c (size before relaxing)
 .debug_str     0x00000000000395c9       0x36 Core/Startup/startup_stm32l031f4px.o
                                         0x72 (size before relaxing)
 .debug_str     0x00000000000395ff      0x570 Drivers/STM32L0xx_HAL_Driver/Src/stm32l0xx_ll_gpio.o
                                      0x32409 (size before relaxing)
 .debug_str     0x0000000000039b6f      0x3fb Drivers/STM32L0xx_HAL_Driver/Src/stm32l0xx_ll_i2c.o
                                      0x32afd (size before relaxing)
 .debug_str     0x0000000000039f6a      0x517 Drivers/STM32L0xx_HAL_Driver/Src/stm32l0xx_ll_rcc.o
                                      0x3306f (size before relaxing)
 .debug_str     0x000000000003a481      0x849 Drivers/STM32L0xx_HAL_Driver/Src/stm32l0xx_ll_usart.o
                                      0x34986 (size before relaxing)
 .debug_str     0x000000000003acca      0xd61 Drivers/STM32L0xx_HAL_Driver/Src/stm32l0xx_ll_utils.o
                                      0x34858 (size before relaxing)

.comment        0x0000000000000000       0x7b
 .comment       0x0000000000000000       0x7b Core/Src/BQ769x0.o
                                         0x7c (size before relaxing)
 .comment       0x000000000000007b       0x7c Core/Src/comm.o
 .comment       0x000000000000007b       0x7c Core/Src/main.o
 .comment       0x000000000000007b       0x7c Core/Src/stm32l0xx_it.o
 .comment       0x000000000000007b       0x7c Core/Src/system_stm32l0xx.o
 .comment       0x000000000000007b       0x7c Core/Src/xprintf.o
 .comment       0x000000000000007b       0x7c Drivers/STM32L0xx_HAL_Driver/Src/stm32l0xx_ll_gpio.o
 .comment       0x000000000000007b       0x7c Drivers/STM32L0xx_HAL_Driver/Src/stm32l0xx_ll_i2c.o
 .comment       0x000000000000007b       0x7c Drivers/STM32L0xx_HAL_Driver/Src/stm32l0xx_ll_rcc.o
 .comment       0x000000000000007b       0x7c Drivers/STM32L0xx_HAL_Driver/Src/stm32l0xx_ll_usart.o
 .comment       0x000000000000007b       0x7c Drivers/STM32L0xx_HAL_Driver/Src/stm32l0xx_ll_utils.o

.debug_frame    0x0000000000000000     0x183c
 .debug_frame   0x0000000000000000      0x378 Core/Src/BQ769x0.o
 .debug_frame   0x0000000000000378      0x168 Core/Src/comm.o
 .debug_frame   0x00000000000004e0      0x474 Core/Src/main.o
 .debug_frame   0x0000000000000954       0x9c Core/Src/stm32l0xx_it.o
 .debug_frame   0x00000000000009f0       0x4c Core/Src/system_stm32l0xx.o
 .debug_frame   0x0000000000000a3c       0x90 Core/Src/xprintf.o
 .debug_frame   0x0000000000000acc      0x170 Drivers/STM32L0xx_HAL_Driver/Src/stm32l0xx_ll_gpio.o
 .debug_frame   0x0000000000000c3c      0x1d0 Drivers/STM32L0xx_HAL_Driver/Src/stm32l0xx_ll_i2c.o
 .debug_frame   0x0000000000000e0c      0x42c Drivers/STM32L0xx_HAL_Driver/Src/stm32l0xx_ll_rcc.o
 .debug_frame   0x0000000000001238      0x194 Drivers/STM32L0xx_HAL_Driver/Src/stm32l0xx_ll_usart.o
 .debug_frame   0x00000000000013cc      0x344 Drivers/STM32L0xx_HAL_Driver/Src/stm32l0xx_ll_utils.o
 .debug_frame   0x0000000000001710       0x2c /opt/st/stm32cubeide_1.3.0/plugins/com.st.stm32cube.ide.mcu.externaltools.gnu-tools-for-stm32.7-2018-q2-update.linux64_1.0.0.201904181610/tools/bin/../lib/gcc/arm-none-eabi/7.3.1/../../../../arm-none-eabi/lib/thumb/v6-m/libc_nano.a(lib_a-init.o)
 .debug_frame   0x000000000000173c       0x20 /opt/st/stm32cubeide_1.3.0/plugins/com.st.stm32cube.ide.mcu.externaltools.gnu-tools-for-stm32.7-2018-q2-update.linux64_1.0.0.201904181610/tools/bin/../lib/gcc/arm-none-eabi/7.3.1/../../../../arm-none-eabi/lib/thumb/v6-m/libc_nano.a(lib_a-memset.o)
 .debug_frame   0x000000000000175c       0x20 /opt/st/stm32cubeide_1.3.0/plugins/com.st.stm32cube.ide.mcu.externaltools.gnu-tools-for-stm32.7-2018-q2-update.linux64_1.0.0.201904181610/tools/bin/../lib/gcc/arm-none-eabi/7.3.1/thumb/v6-m/libgcc.a(_udivsi3.o)
 .debug_frame   0x000000000000177c       0x20 /opt/st/stm32cubeide_1.3.0/plugins/com.st.stm32cube.ide.mcu.externaltools.gnu-tools-for-stm32.7-2018-q2-update.linux64_1.0.0.201904181610/tools/bin/../lib/gcc/arm-none-eabi/7.3.1/thumb/v6-m/libgcc.a(_divsi3.o)
 .debug_frame   0x000000000000179c       0x34 /opt/st/stm32cubeide_1.3.0/plugins/com.st.stm32cube.ide.mcu.externaltools.gnu-tools-for-stm32.7-2018-q2-update.linux64_1.0.0.201904181610/tools/bin/../lib/gcc/arm-none-eabi/7.3.1/thumb/v6-m/libgcc.a(_muldi3.o)
 .debug_frame   0x00000000000017d0       0x30 /opt/st/stm32cubeide_1.3.0/plugins/com.st.stm32cube.ide.mcu.externaltools.gnu-tools-for-stm32.7-2018-q2-update.linux64_1.0.0.201904181610/tools/bin/../lib/gcc/arm-none-eabi/7.3.1/thumb/v6-m/libgcc.a(bpabi.o)
 .debug_frame   0x0000000000001800       0x3c /opt/st/stm32cubeide_1.3.0/plugins/com.st.stm32cube.ide.mcu.externaltools.gnu-tools-for-stm32.7-2018-q2-update.linux64_1.0.0.201904181610/tools/bin/../lib/gcc/arm-none-eabi/7.3.1/thumb/v6-m/libgcc.a(_divdi3.o)
