stm32l0xx_ll_i2c.h:1524:26:LL_I2C_IsActiveFlag_TXIS	16	static
stm32l0xx_ll_i2c.h:1537:26:LL_I2C_IsActiveFlag_RXNE	16	static
stm32l0xx_ll_i2c.h:1563:26:LL_I2C_IsActiveFlag_NACK	16	static
stm32l0xx_ll_i2c.h:1722:22:LL_I2C_ClearFlag_NACK	16	static
stm32l0xx_ll_i2c.h:2090:22:LL_I2C_HandleTransfer	24	static
stm32l0xx_ll_i2c.h:2172:25:LL_I2C_ReceiveData8	16	static
stm32l0xx_ll_i2c.h:2184:22:LL_I2C_TransmitData8	16	static
BQ769x0.c:47:9:bqInit	40	static
BQ769x0.c:87:9:bqAct	24	static
BQ769x0.c:115:6:bqDisableAll	24	static
BQ769x0.c:122:6:bqEnableAll	24	static
BQ769x0.c:129:6:bqBalance	8	static
BQ769x0.c:135:13:processDataRegisters	16	static
BQ769x0.c:169:17:convertCellVoltage	32	static
BQ769x0.c:183:17:convertPackVolage	16	static
BQ769x0.c:195:16:convertPackCurrent	16	static
BQ769x0.c:205:16:convertPackDieTS1	32	static
BQ769x0.c:216:17:getRealOv	24	static
BQ769x0.c:222:17:getRealUv	24	static
BQ769x0.c:229:13:setCurrentProtection	32	static
BQ769x0.c:364:13:setOvUvProtection	32	static
BQ769x0.c:400:16:writeRegister	24	static
BQ769x0.c:406:16:readRegister	32	static
BQ769x0.c:412:16:bqSendData	40	static
BQ769x0.c:429:16:bqReadData	40	static
