stm32l0xx_ll_i2c.h:1524:26:LL_I2C_IsActiveFlag_TXIS	16	static
stm32l0xx_ll_i2c.h:1537:26:LL_I2C_IsActiveFlag_RXNE	16	static
stm32l0xx_ll_i2c.h:1563:26:LL_I2C_IsActiveFlag_NACK	16	static
stm32l0xx_ll_i2c.h:1722:22:LL_I2C_ClearFlag_NACK	16	static
stm32l0xx_ll_i2c.h:2090:22:LL_I2C_HandleTransfer	24	static
stm32l0xx_ll_i2c.h:2172:25:LL_I2C_ReceiveData8	16	static
stm32l0xx_ll_i2c.h:2184:22:LL_I2C_TransmitData8	16	static
BQ769x0.c:49:9:bqInit	40	static
BQ769x0.c:99:9:bqAct	24	static
BQ769x0.c:129:6:bqDisableAll	24	static
BQ769x0.c:137:6:bqEnableAll	24	static
BQ769x0.c:145:6:bqResetStatus	8	static
BQ769x0.c:149:6:bqBalance	24	static
BQ769x0.c:203:13:processDataRegisters	40	static
BQ769x0.c:240:17:convertCellVoltage	32	static
BQ769x0.c:250:17:convertPackVolage	16	static
BQ769x0.c:262:16:convertPackCurrent	16	static
BQ769x0.c:272:16:convertPackDieTS1	32	static
BQ769x0.c:283:17:getRealOv	24	static
BQ769x0.c:289:17:getRealUv	24	static
BQ769x0.c:296:13:setCurrentProtection	32	static
BQ769x0.c:311:13:setOvUvProtection	32	static
BQ769x0.c:320:16:writeRegister	24	static
BQ769x0.c:326:16:readRegister	32	static
BQ769x0.c:332:16:bqSendData	40	static
BQ769x0.c:349:16:bqReadData	40	static
BQ769x0.c:371:6:bqHandler	8	static
