stm32l0xx_ll_i2c.h:1524:26:LL_I2C_IsActiveFlag_TXIS	16	static
stm32l0xx_ll_i2c.h:1537:26:LL_I2C_IsActiveFlag_RXNE	16	static
stm32l0xx_ll_i2c.h:1563:26:LL_I2C_IsActiveFlag_NACK	16	static
stm32l0xx_ll_i2c.h:1722:22:LL_I2C_ClearFlag_NACK	16	static
stm32l0xx_ll_i2c.h:2090:22:LL_I2C_HandleTransfer	24	static
stm32l0xx_ll_i2c.h:2172:25:LL_I2C_ReceiveData8	16	static
stm32l0xx_ll_i2c.h:2184:22:LL_I2C_TransmitData8	16	static
BQ769x0.c:47:9:bqInit	40	static
BQ769x0.c:92:9:bqAct	24	static
BQ769x0.c:120:6:bqDisableAll	24	static
BQ769x0.c:128:6:bqEnableAll	24	static
BQ769x0.c:136:6:bqResetStatus	8	static
BQ769x0.c:140:6:bqBalance	16	static
BQ769x0.c:192:13:processDataRegisters	24	static
BQ769x0.c:217:17:convertCellVoltage	32	static
BQ769x0.c:227:17:convertPackVolage	16	static
BQ769x0.c:239:16:convertPackCurrent	16	static
BQ769x0.c:249:16:convertPackDieTS1	32	static
BQ769x0.c:260:17:getRealOv	24	static
BQ769x0.c:266:17:getRealUv	24	static
BQ769x0.c:273:13:setCurrentProtection	32	static
BQ769x0.c:288:13:setOvUvProtection	32	static
BQ769x0.c:297:16:writeRegister	24	static
BQ769x0.c:303:16:readRegister	32	static
BQ769x0.c:309:16:bqSendData	40	static
BQ769x0.c:326:16:bqReadData	40	static
