stm32l0xx_ll_utils.h:169:26:LL_GetUID_Word0	8	static
stm32l0xx_ll_utils.h:178:26:LL_GetUID_Word1	8	static
stm32l0xx_ll_utils.h:187:26:LL_GetUID_Word2	8	static
stm32l0xx_ll_usart.h:2597:26:LL_USART_IsActiveFlag_RXNE	16	static
stm32l0xx_ll_usart.h:2608:26:LL_USART_IsActiveFlag_TC	16	static
stm32l0xx_ll_usart.h:2619:26:LL_USART_IsActiveFlag_TXE	16	static
stm32l0xx_ll_usart.h:3593:25:LL_USART_ReceiveData8	16	static
stm32l0xx_ll_usart.h:3616:22:LL_USART_TransmitData8	16	static
comm.c:22:6:commInit	24	static
comm.c:30:6:commAct	32	static
comm.c:122:13:sendText	32	static
