stm32l0xx_ll_i2c.h:604:22:LL_I2C_EnableClockStretching	16	static
stm32l0xx_ll_i2c.h:724:22:LL_I2C_DisableGeneralCall	16	static
stm32l0xx_ll_i2c.h:835:22:LL_I2C_SetOwnAddress2	24	static
stm32l0xx_ll_i2c.h:857:22:LL_I2C_DisableOwnAddress2	16	static
stm32l0xx_ll_i2c.h:1838:22:LL_I2C_EnableAutoEndMode	16	static
stm32l0xx_ll_rcc.h:1163:22:LL_RCC_MSI_Enable	8	static
stm32l0xx_ll_rcc.h:1183:26:LL_RCC_MSI_IsReady	8	static
stm32l0xx_ll_rcc.h:1201:22:LL_RCC_MSI_SetRange	16	static
stm32l0xx_ll_rcc.h:1242:22:LL_RCC_MSI_SetCalibTrimming	16	static
stm32l0xx_ll_rcc.h:1275:22:LL_RCC_SetSysClkSource	16	static
stm32l0xx_ll_rcc.h:1289:26:LL_RCC_GetSysClkSource	8	static
stm32l0xx_ll_rcc.h:1309:22:LL_RCC_SetAHBPrescaler	16	static
stm32l0xx_ll_rcc.h:1325:22:LL_RCC_SetAPB1Prescaler	16	static
stm32l0xx_ll_rcc.h:1341:22:LL_RCC_SetAPB2Prescaler	16	static
stm32l0xx_ll_rcc.h:1481:22:LL_RCC_SetUSARTClockSource	16	static
stm32l0xx_ll_rcc.h:1515:22:LL_RCC_SetI2CClockSource	16	static
stm32l0xx_ll_bus.h:440:22:LL_APB1_GRP1_EnableClock	24	static
stm32l0xx_ll_bus.h:786:22:LL_APB2_GRP1_EnableClock	24	static
stm32l0xx_ll_bus.h:987:22:LL_IOP_GRP1_EnableClock	24	static
stm32l0xx_ll_system.h:912:22:LL_FLASH_SetLatency	16	static
stm32l0xx_ll_system.h:924:26:LL_FLASH_GetLatency	8	static
stm32l0xx_ll_pwr.h:272:22:LL_PWR_SetRegulVoltageScaling	16	static
stm32l0xx_ll_usart.h:532:22:LL_USART_Enable	16	static
stm32l0xx_ll_usart.h:2284:22:LL_USART_ConfigAsyncMode	16	static
stm32l0xx_ll_gpio.h:762:26:LL_GPIO_IsInputPinSet	16	static
stm32l0xx_ll_gpio.h:843:22:LL_GPIO_SetOutputPin	16	static
stm32l0xx_ll_gpio.h:872:22:LL_GPIO_ResetOutputPin	16	static
main.c:68:5:main	8	static,ignoring_inline_asm
main.c:159:6:SystemClock_Config	8	static
main.c:200:13:MX_I2C1_Init	72	static
main.c:264:13:MX_USART2_UART_Init	72	static
main.c:323:13:MX_GPIO_Init	32	static
main.c:411:6:Error_Handler	8	static,ignoring_inline_asm
main.c:427:6:assert_failed	16	static
